
SQL> desc tab
 Name					   Null?    Type
 ----------------------------------------- -------- ----------------------------
 TNAME					   NOT NULL VARCHAR2(30)
 TABTYPE					    VARCHAR2(7)
 CLUSTERID					    NUMBER

SQL> select * from test1;
select * from test1
              *
ERROR at line 1:
ORA-00942: table or view does not exist


SQL> select * from test1;
select * from test1
              *
ERROR at line 1:
ORA-00942: table or view does not exist


SQL> conn faisal/faisal
Connected.
SQL> 
SQL> 
SQL> select tname from tab;

TNAME
------------------------------
T1

SQL> select * from t1;

	ID
----------
	 1

SQL> 
SQL> 
SQL> 
SQL> conn faisal2
Enter password: 
Connected.
SQL> 
SQL> 
SQL> 
SQL> desc test1;
ERROR:
ORA-04043: object test1 does not exist


SQL> 
SQL> 
SQL> 
SQL> 
SQL> 
SQL> 
SQL> conn sys/sys
ERROR:
ORA-28009: connection as SYS should be as SYSDBA or SYSOPER


Warning: You are no longer connected to ORACLE.
SQL> 
SQL> 
SQL> startup
ORA-01031: insufficient privileges
SQL> 
SQL> 
SQL> conn sys/sys as sysdba;
Connected.
SQL> 
SQL> 
SQL> drop user faisal cascade;
drop user faisal cascade
*
ERROR at line 1:
ORA-01940: cannot drop a user that is currently connected


SQL> 
SQL> 
SQL> 
SQL> 
SQL> exit
Disconnected from Oracle Database 11g Enterprise Edition Release 11.2.0.3.0 - 64bit Production
With the Partitioning, OLAP, Data Mining and Real Application Testing options
[oracle@dbserver ~]$ 
[oracle@dbserver ~]$ 
[oracle@dbserver ~]$ 
[oracle@dbserver ~]$ 
[oracle@dbserver ~]$ expdp directory=faisal_dir dumpfile=mizan.dmp logfile=mizan.log

Export: Release 11.2.0.3.0 - Production on Fri Sep 22 12:22:14 2017

Copyright (c) 1982, 2011, Oracle and/or its affiliates.  All rights reserved.

Username: / as sysdba

Connected to: Oracle Database 11g Enterprise Edition Release 11.2.0.3.0 - 64bit Production
With the Partitioning, OLAP, Data Mining and Real Application Testing options
Starting "SYS"."SYS_EXPORT_SCHEMA_01":  /******** AS SYSDBA directory=faisal_dir dumpfile=mizan.dmp logfile=mizan.log 
Estimate in progress using BLOCKS method...
Total estimation using BLOCKS method: 0 KB
Processing object type SCHEMA_EXPORT/ROLE_GRANT
Master table "SYS"."SYS_EXPORT_SCHEMA_01" successfully loaded/unloaded
******************************************************************************
Dump file set for SYS.SYS_EXPORT_SCHEMA_01 is:
  /u01/datapump/mizan.dmp
Job "SYS"."SYS_EXPORT_SCHEMA_01" successfully completed at 12:22:48

[oracle@dbserver ~]$ impdp directory=faisal_dir dumpfile=mizan.dmp logfile=mizanimp.log remap_schema=mizan:mizan2 remap_table=mizan.t1:t2

Import: Release 11.2.0.3.0 - Production on Fri Sep 22 12:23:45 2017

Copyright (c) 1982, 2011, Oracle and/or its affiliates.  All rights reserved.

Username: / as sysdba

Connected to: Oracle Database 11g Enterprise Edition Release 11.2.0.3.0 - 64bit Production
With the Partitioning, OLAP, Data Mining and Real Application Testing options
ORA-39146: schema "MIZAN" does not exist
Master table "SYS"."SYS_IMPORT_FULL_01" successfully loaded/unloaded
Starting "SYS"."SYS_IMPORT_FULL_01":  /******** AS SYSDBA directory=faisal_dir dumpfile=mizan.dmp logfile=mizanimp.log remap_schema=mizan:mizan2 remap_table=mizan.t1:t2 
Processing object type SCHEMA_EXPORT/ROLE_GRANT
Job "SYS"."SYS_IMPORT_FULL_01" successfully completed at 12:23:54

[oracle@dbserver ~]$ impdp directory=faisal_dir dumpfile=mizan.dmp logfile=mizanimp.log remap_schema=mizan:mizan2

Import: Release 11.2.0.3.0 - Production on Fri Sep 22 12:24:48 2017

Copyright (c) 1982, 2011, Oracle and/or its affiliates.  All rights reserved.

Username: / as sysdba

Connected to: Oracle Database 11g Enterprise Edition Release 11.2.0.3.0 - 64bit Production
With the Partitioning, OLAP, Data Mining and Real Application Testing options
ORA-39146: schema "MIZAN" does not exist
Master table "SYS"."SYS_IMPORT_FULL_01" successfully loaded/unloaded
Starting "SYS"."SYS_IMPORT_FULL_01":  /******** AS SYSDBA directory=faisal_dir dumpfile=mizan.dmp logfile=mizanimp.log remap_schema=mizan:mizan2 
Processing object type SCHEMA_EXPORT/ROLE_GRANT
Job "SYS"."SYS_IMPORT_FULL_01" successfully completed at 12:24:54

[oracle@dbserver ~]$ impdp directory=faisal_dir dumpfile=mizan.dmp logfile=mizanlog.log

Import: Release 11.2.0.3.0 - Production on Fri Sep 22 12:27:26 2017

Copyright (c) 1982, 2011, Oracle and/or its affiliates.  All rights reserved.

Username: / as sysdba

Connected to: Oracle Database 11g Enterprise Edition Release 11.2.0.3.0 - 64bit Production
With the Partitioning, OLAP, Data Mining and Real Application Testing options
Master table "SYS"."SYS_IMPORT_FULL_01" successfully loaded/unloaded
Starting "SYS"."SYS_IMPORT_FULL_01":  /******** AS SYSDBA directory=faisal_dir dumpfile=mizan.dmp logfile=mizanlog.log 
Processing object type SCHEMA_EXPORT/ROLE_GRANT
Job "SYS"."SYS_IMPORT_FULL_01" successfully completed at 12:27:33

[oracle@dbserver ~]$ sqlplus mizan2/mizan2

SQL*Plus: Release 11.2.0.3.0 Production on Fri Sep 22 12:30:49 2017

Copyright (c) 1982, 2011, Oracle.  All rights reserved.


Connected to:
Oracle Database 11g Enterprise Edition Release 11.2.0.3.0 - 64bit Production
With the Partitioning, OLAP, Data Mining and Real Application Testing options

SQL> select tname from tab;

no rows selected

SQL> exit
Disconnected from Oracle Database 11g Enterprise Edition Release 11.2.0.3.0 - 64bit Production
With the Partitioning, OLAP, Data Mining and Real Application Testing options
[oracle@dbserver ~]$ impdp directory=faisal_dir dumpfile=mizan.dmp logfile=mizanimp.log remap_schema=mizan:mizan2 remap_table=mizan.t1:t2

Import: Release 11.2.0.3.0 - Production on Fri Sep 22 12:31:09 2017

Copyright (c) 1982, 2011, Oracle and/or its affiliates.  All rights reserved.

Username: / as sysdba

Connected to: Oracle Database 11g Enterprise Edition Release 11.2.0.3.0 - 64bit Production
With the Partitioning, OLAP, Data Mining and Real Application Testing options
ORA-39146: schema "MIZAN" does not exist
Master table "SYS"."SYS_IMPORT_FULL_01" successfully loaded/unloaded
Starting "SYS"."SYS_IMPORT_FULL_01":  /******** AS SYSDBA directory=faisal_dir dumpfile=mizan.dmp logfile=mizanimp.log remap_schema=mizan:mizan2 remap_table=mizan.t1:t2 
Processing object type SCHEMA_EXPORT/ROLE_GRANT
Job "SYS"."SYS_IMPORT_FULL_01" successfully completed at 12:31:21

[oracle@dbserver ~]$ cd /u01
[oracle@dbserver u01]$ cd
[oracle@dbserver ~]$ 
[oracle@dbserver ~]$ 
[oracle@dbserver ~]$ 
[oracle@dbserver ~]$ 
[oracle@dbserver ~]$ 
[oracle@dbserver ~]$ 
[oracle@dbserver ~]$ 
[oracle@dbserver ~]$ sqlplus / as sysdba;

SQL*Plus: Release 11.2.0.3.0 Production on Fri Sep 22 12:42:32 2017

Copyright (c) 1982, 2011, Oracle.  All rights reserved.


Connected to:
Oracle Database 11g Enterprise Edition Release 11.2.0.3.0 - 64bit Production
With the Partitioning, OLAP, Data Mining and Real Application Testing options

SQL> 
SQL> 
SQL> shu immediate;
Database closed.
Database dismounted.
ORACLE instance shut down.
SQL> 
SQL> 
SQL> 
SQL> startup
ORACLE instance started.

Total System Global Area  830930944 bytes
Fixed Size		    2232920 bytes
Variable Size		  553651624 bytes
Database Buffers	  272629760 bytes
Redo Buffers		    2416640 bytes
Database mounted.
Database opened.
SQL> 
SQL> 
SQL> exit
Disconnected from Oracle Database 11g Enterprise Edition Release 11.2.0.3.0 - 64bit Production
With the Partitioning, OLAP, Data Mining and Real Application Testing options
[oracle@dbserver ~]$ 
[oracle@dbserver ~]$ 
[oracle@dbserver ~]$ expdp directory=faisal_dir dumpfile=test1.dmp logfile=test1.log schemas=test1

Export: Release 11.2.0.3.0 - Production on Fri Sep 22 12:44:49 2017

Copyright (c) 1982, 2011, Oracle and/or its affiliates.  All rights reserved.

Username: / as sysdba

Connected to: Oracle Database 11g Enterprise Edition Release 11.2.0.3.0 - 64bit Production
With the Partitioning, OLAP, Data Mining and Real Application Testing options
Starting "SYS"."SYS_EXPORT_SCHEMA_01":  /******** AS SYSDBA directory=faisal_dir dumpfile=test1.dmp logfile=test1.log schemas=test1 
Estimate in progress using BLOCKS method...
Processing object type SCHEMA_EXPORT/TABLE/TABLE_DATA
Total estimation using BLOCKS method: 64 KB
Processing object type SCHEMA_EXPORT/USER
Processing object type SCHEMA_EXPORT/SYSTEM_GRANT
Processing object type SCHEMA_EXPORT/ROLE_GRANT
Processing object type SCHEMA_EXPORT/DEFAULT_ROLE
Processing object type SCHEMA_EXPORT/PRE_SCHEMA/PROCACT_SCHEMA
Processing object type SCHEMA_EXPORT/TABLE/TABLE
. . exported "TEST1"."T1"                                    5 KB       1 rows
Master table "SYS"."SYS_EXPORT_SCHEMA_01" successfully loaded/unloaded
******************************************************************************
Dump file set for SYS.SYS_EXPORT_SCHEMA_01 is:
  /u01/datapump/test1.dmp
Job "SYS"."SYS_EXPORT_SCHEMA_01" successfully completed at 12:45:24

[oracle@dbserver ~]$ impdp directory=faisal_dir dumpfile=test1.dmp logfile=new.log remap_schema=test1:test2 remap_table=test1.t1:t2

Import: Release 11.2.0.3.0 - Production on Fri Sep 22 12:47:13 2017

Copyright (c) 1982, 2011, Oracle and/or its affiliates.  All rights reserved.

Username: / as sysdba

Connected to: Oracle Database 11g Enterprise Edition Release 11.2.0.3.0 - 64bit Production
With the Partitioning, OLAP, Data Mining and Real Application Testing options
Master table "SYS"."SYS_IMPORT_FULL_01" successfully loaded/unloaded
Starting "SYS"."SYS_IMPORT_FULL_01":  /******** AS SYSDBA directory=faisal_dir dumpfile=test1.dmp logfile=new.log remap_schema=test1:test2 remap_table=test1.t1:t2 
Processing object type SCHEMA_EXPORT/USER
ORA-31684: Object type USER:"TEST2" already exists
Processing object type SCHEMA_EXPORT/SYSTEM_GRANT
Processing object type SCHEMA_EXPORT/ROLE_GRANT
Processing object type SCHEMA_EXPORT/DEFAULT_ROLE
Processing object type SCHEMA_EXPORT/PRE_SCHEMA/PROCACT_SCHEMA
Processing object type SCHEMA_EXPORT/TABLE/TABLE
Processing object type SCHEMA_EXPORT/TABLE/TABLE_DATA
. . imported "TEST2"."T2"                                    5 KB       1 rows
Job "SYS"."SYS_IMPORT_FULL_01" completed with 1 error(s) at 12:47:31

[oracle@dbserver ~]$ impdp directory=faisal_dir dumpfile=test1.dmp logfile=new2.log

Import: Release 11.2.0.3.0 - Production on Fri Sep 22 12:50:38 2017

Copyright (c) 1982, 2011, Oracle and/or its affiliates.  All rights reserved.

Username: / as sysdba

Connected to: Oracle Database 11g Enterprise Edition Release 11.2.0.3.0 - 64bit Production
With the Partitioning, OLAP, Data Mining and Real Application Testing options
Master table "SYS"."SYS_IMPORT_FULL_01" successfully loaded/unloaded
Starting "SYS"."SYS_IMPORT_FULL_01":  /******** AS SYSDBA directory=faisal_dir dumpfile=test1.dmp logfile=new2.log 
Processing object type SCHEMA_EXPORT/USER
Processing object type SCHEMA_EXPORT/SYSTEM_GRANT
Processing object type SCHEMA_EXPORT/ROLE_GRANT
Processing object type SCHEMA_EXPORT/DEFAULT_ROLE
Processing object type SCHEMA_EXPORT/PRE_SCHEMA/PROCACT_SCHEMA
Processing object type SCHEMA_EXPORT/TABLE/TABLE
Processing object type SCHEMA_EXPORT/TABLE/TABLE_DATA
. . imported "TEST1"."T1"                                    5 KB       1 rows
Job "SYS"."SYS_IMPORT_FULL_01" successfully completed at 12:50:44

[oracle@dbserver ~]$ 
[oracle@dbserver ~]$ 
[oracle@dbserver ~]$ expdp directory=faisal_dir dumpfile=metadata.dmp logfile=metalog.log schemas=test1 content=metadata_only

Export: Release 11.2.0.3.0 - Production on Fri Sep 22 12:56:15 2017

Copyright (c) 1982, 2011, Oracle and/or its affiliates.  All rights reserved.

Username: / as sysdba

Connected to: Oracle Database 11g Enterprise Edition Release 11.2.0.3.0 - 64bit Production
With the Partitioning, OLAP, Data Mining and Real Application Testing options
Starting "SYS"."SYS_EXPORT_SCHEMA_01":  /******** AS SYSDBA directory=faisal_dir dumpfile=metadata.dmp logfile=metalog.log schemas=test1 content=metadata_only 
Processing object type SCHEMA_EXPORT/USER
Processing object type SCHEMA_EXPORT/SYSTEM_GRANT
Processing object type SCHEMA_EXPORT/ROLE_GRANT
Processing object type SCHEMA_EXPORT/DEFAULT_ROLE
Processing object type SCHEMA_EXPORT/PRE_SCHEMA/PROCACT_SCHEMA
Processing object type SCHEMA_EXPORT/TABLE/TABLE
Master table "SYS"."SYS_EXPORT_SCHEMA_01" successfully loaded/unloaded
******************************************************************************
Dump file set for SYS.SYS_EXPORT_SCHEMA_01 is:
  /u01/datapump/metadata.dmp
Job "SYS"."SYS_EXPORT_SCHEMA_01" successfully completed at 12:56:45

[oracle@dbserver ~]$ expdp directory=faisal_dir dumpfile=data.dmp logfile=data.log schemas=test1 content=data_only

Export: Release 11.2.0.3.0 - Production on Fri Sep 22 12:57:56 2017

Copyright (c) 1982, 2011, Oracle and/or its affiliates.  All rights reserved.

Username: / as sysdba

Connected to: Oracle Database 11g Enterprise Edition Release 11.2.0.3.0 - 64bit Production
With the Partitioning, OLAP, Data Mining and Real Application Testing options
Starting "SYS"."SYS_EXPORT_SCHEMA_01":  /******** AS SYSDBA directory=faisal_dir dumpfile=data.dmp logfile=data.log schemas=test1 content=data_only 
Estimate in progress using BLOCKS method...
Processing object type SCHEMA_EXPORT/TABLE/TABLE_DATA
Total estimation using BLOCKS method: 64 KB
. . exported "TEST1"."T1"                                5.007 KB       2 rows
Master table "SYS"."SYS_EXPORT_SCHEMA_01" successfully loaded/unloaded
******************************************************************************
Dump file set for SYS.SYS_EXPORT_SCHEMA_01 is:
  /u01/datapump/data.dmp
Job "SYS"."SYS_EXPORT_SCHEMA_01" successfully completed at 12:58:04

[oracle@dbserver ~]$ impdp directory=faisal_dir dumpfile=metadata.dmp logfile=metanew.log remap_schema=test1:test3 

Import: Release 11.2.0.3.0 - Production on Fri Sep 22 13:01:31 2017

Copyright (c) 1982, 2011, Oracle and/or its affiliates.  All rights reserved.

Username: / as sysdba

Connected to: Oracle Database 11g Enterprise Edition Release 11.2.0.3.0 - 64bit Production
With the Partitioning, OLAP, Data Mining and Real Application Testing options
Master table "SYS"."SYS_IMPORT_FULL_01" successfully loaded/unloaded
Starting "SYS"."SYS_IMPORT_FULL_01":  /******** AS SYSDBA directory=faisal_dir dumpfile=metadata.dmp logfile=metanew.log remap_schema=test1:test3 
Processing object type SCHEMA_EXPORT/USER
ORA-31684: Object type USER:"TEST3" already exists
Processing object type SCHEMA_EXPORT/SYSTEM_GRANT
Processing object type SCHEMA_EXPORT/ROLE_GRANT
Processing object type SCHEMA_EXPORT/DEFAULT_ROLE
Processing object type SCHEMA_EXPORT/PRE_SCHEMA/PROCACT_SCHEMA
Processing object type SCHEMA_EXPORT/TABLE/TABLE
Job "SYS"."SYS_IMPORT_FULL_01" completed with 1 error(s) at 13:01:40

[oracle@dbserver ~]$ 
[oracle@dbserver ~]$ 
[oracle@dbserver ~]$ impdp directory=faisal_dir dumpfile=data.dmp logfile=datanew.log remap_schema=test1:test3 

Import: Release 11.2.0.3.0 - Production on Fri Sep 22 13:02:39 2017

Copyright (c) 1982, 2011, Oracle and/or its affiliates.  All rights reserved.

Username: / as sysdba

Connected to: Oracle Database 11g Enterprise Edition Release 11.2.0.3.0 - 64bit Production
With the Partitioning, OLAP, Data Mining and Real Application Testing options
Master table "SYS"."SYS_IMPORT_FULL_01" successfully loaded/unloaded
Starting "SYS"."SYS_IMPORT_FULL_01":  /******** AS SYSDBA directory=faisal_dir dumpfile=data.dmp logfile=datanew.log remap_schema=test1:test3 
Processing object type SCHEMA_EXPORT/TABLE/TABLE_DATA
. . imported "TEST3"."T1"                                5.007 KB       2 rows
Job "SYS"."SYS_IMPORT_FULL_01" successfully completed at 13:02:46

[oracle@dbserver ~]$ 
[oracle@dbserver ~]$ cd /u01/app/oracle/oradata/
[oracle@dbserver oradata]$ ls
orcldb
[oracle@dbserver oradata]$ orcl
bash: orcl: command not found
[oracle@dbserver oradata]$ orcldb
bash: orcldb: command not found
[oracle@dbserver oradata]$ 
[oracle@dbserver oradata]$ 
[oracle@dbserver oradata]$ 
[oracle@dbserver oradata]$ ls
orcldb
[oracle@dbserver oradata]$ pwd
/u01/app/oracle/oradata
[oracle@dbserver oradata]$ ls
orcldb
[oracle@dbserver oradata]$ cd orcldb/
[oracle@dbserver orcldb]$ ls
control01.ctl  newctl  redo01.log  redo02.log  redo03.log  sysaux01.dbf  system01.dbf  temp01.dbf  undotbs01.dbf  users01.dbf
[oracle@dbserver orcldb]$ pwd
/u01/app/oracle/oradata/orcldb
[oracle@dbserver orcldb]$ expdp directory=faisal_dir dumpfile=dbabd.dmp logfile=dbabd.log schemas=dbabd

Export: Release 11.2.0.3.0 - Production on Fri Sep 22 14:30:28 2017

Copyright (c) 1982, 2011, Oracle and/or its affiliates.  All rights reserved.

Username: / as sysdba

Connected to: Oracle Database 11g Enterprise Edition Release 11.2.0.3.0 - 64bit Production
With the Partitioning, OLAP, Data Mining and Real Application Testing options
Starting "SYS"."SYS_EXPORT_SCHEMA_01":  /******** AS SYSDBA directory=faisal_dir dumpfile=dbabd.dmp logfile=dbabd.log schemas=dbabd 
Estimate in progress using BLOCKS method...
Processing object type SCHEMA_EXPORT/TABLE/TABLE_DATA
Total estimation using BLOCKS method: 64 KB
Processing object type SCHEMA_EXPORT/USER
Processing object type SCHEMA_EXPORT/SYSTEM_GRANT
Processing object type SCHEMA_EXPORT/ROLE_GRANT
Processing object type SCHEMA_EXPORT/DEFAULT_ROLE
Processing object type SCHEMA_EXPORT/PRE_SCHEMA/PROCACT_SCHEMA
Processing object type SCHEMA_EXPORT/TABLE/TABLE
. . exported "DBABD"."DBA_T1"                            5.007 KB       1 rows
Master table "SYS"."SYS_EXPORT_SCHEMA_01" successfully loaded/unloaded
******************************************************************************
Dump file set for SYS.SYS_EXPORT_SCHEMA_01 is:
  /u01/datapump/dbabd.dmp
Job "SYS"."SYS_EXPORT_SCHEMA_01" successfully completed at 14:31:08

[oracle@dbserver orcldb]$ 
[oracle@dbserver orcldb]$ 
[oracle@dbserver orcldb]$ 
[oracle@dbserver orcldb]$ cd
[oracle@dbserver ~]$ cd /u01/datapump/
[oracle@dbserver datapump]$ ls
data.dmp  datanew.log  dbabd.log   faisal.log     maxlog.txt    metalog.log  mizan.dmp     mizan.log     new2.log  test1.dmp
data.log  dbabd.dmp    faisal.dmp  faisallog.txt  metadata.dmp  metanew.log  mizanimp.log  mizanlog.log  new.log   test1.log
[oracle@dbserver datapump]$ cd 
[oracle@dbserver ~]$ impdp directory=faisal_dir dumpfile=dbabd.dmp logfile=dbabd.log remap_schema=dbabd:dbabd1 remap_table=dbabd.dba_t1:dba_t2 remap_tablespace=dbabd_ts:dbadb_ts1

Import: Release 11.2.0.3.0 - Production on Fri Sep 22 14:36:34 2017

Copyright (c) 1982, 2011, Oracle and/or its affiliates.  All rights reserved.

Username: / as sysdba

Connected to: Oracle Database 11g Enterprise Edition Release 11.2.0.3.0 - 64bit Production
With the Partitioning, OLAP, Data Mining and Real Application Testing options
Master table "SYS"."SYS_IMPORT_FULL_01" successfully loaded/unloaded
Starting "SYS"."SYS_IMPORT_FULL_01":  /******** AS SYSDBA directory=faisal_dir dumpfile=dbabd.dmp logfile=dbabd.log remap_schema=dbabd:dbabd1 remap_table=dbabd.dba_t1:dba_t2 remap_tablespace=dbabd_ts:dbadb_ts1 
Processing object type SCHEMA_EXPORT/USER
ORA-31684: Object type USER:"DBABD1" already exists
Processing object type SCHEMA_EXPORT/SYSTEM_GRANT
Processing object type SCHEMA_EXPORT/ROLE_GRANT
Processing object type SCHEMA_EXPORT/DEFAULT_ROLE
Processing object type SCHEMA_EXPORT/PRE_SCHEMA/PROCACT_SCHEMA
Processing object type SCHEMA_EXPORT/TABLE/TABLE
ORA-39083: Object type TABLE:"DBABD1"."DBA_T2" failed to create with error:
ORA-00959: tablespace 'DBADB_TS1' does not exist
Failing sql is:
CREATE TABLE "DBABD1"."DBA_T2" ("ID" NUMBER) SEGMENT CREATION IMMEDIATE PCTFREE 10 PCTUSED 40 INITRANS 1 MAXTRANS 255 NOCOMPRESS LOGGING STORAGE(INITIAL 65536 NEXT 1048576 MINEXTENTS 1 MAXEXTENTS 2147483645 PCTINCREASE 0 FREELISTS 1 FREELIST GROUPS 1 BUFFER_POOL DEFAULT FLASH_CACHE DEFAULT CELL_FLASH_CACHE DEFAULT) TABLESPACE "DBADB_TS1" 
Processing object type SCHEMA_EXPORT/TABLE/TABLE_DATA
Job "SYS"."SYS_IMPORT_FULL_01" completed with 2 error(s) at 14:36:43

[oracle@dbserver ~]$ impdp directory=faisal_dir dumpfile=dbabd.dmp logfile=dbabd.log remap_schema=dbabd:dbabd1 remap_table=dbabd.dba_t1:dba_t2 remap_tablespace=dbabd_ts:dbabd_ts1

Import: Release 11.2.0.3.0 - Production on Fri Sep 22 14:44:21 2017

Copyright (c) 1982, 2011, Oracle and/or its affiliates.  All rights reserved.

Username: /as sysdba

Connected to: Oracle Database 11g Enterprise Edition Release 11.2.0.3.0 - 64bit Production
With the Partitioning, OLAP, Data Mining and Real Application Testing options
Master table "SYS"."SYS_IMPORT_FULL_01" successfully loaded/unloaded
Starting "SYS"."SYS_IMPORT_FULL_01":  /******** AS SYSDBA directory=faisal_dir dumpfile=dbabd.dmp logfile=dbabd.log remap_schema=dbabd:dbabd1 remap_table=dbabd.dba_t1:dba_t2 remap_tablespace=dbabd_ts:dbabd_ts1 
Processing object type SCHEMA_EXPORT/USER
ORA-31684: Object type USER:"DBABD1" already exists
Processing object type SCHEMA_EXPORT/SYSTEM_GRANT
Processing object type SCHEMA_EXPORT/ROLE_GRANT
Processing object type SCHEMA_EXPORT/DEFAULT_ROLE
Processing object type SCHEMA_EXPORT/PRE_SCHEMA/PROCACT_SCHEMA
Processing object type SCHEMA_EXPORT/TABLE/TABLE
Processing object type SCHEMA_EXPORT/TABLE/TABLE_DATA
. . imported "DBABD1"."DBA_T2"                           5.007 KB       1 rows
Job "SYS"."SYS_IMPORT_FULL_01" completed with 1 error(s) at 14:44:32

[oracle@dbserver ~]$ 
